---
source: crates/ironhermes-cli/tests/tui_rata_snapshots.rs
assertion_line: 134
expression: render(&app)
---
"┌Chat [live]───────────────────────────────────────────────────────────────────┐"
"│You: do something                                                             │"
"│                                                                              │"
"│                                                                              │"
"│                                                                              │"
"│                                                                              │"
"│                                                                              │"
"│                                                                              │"
"│                                                                              │"
"│                                                                              │"
"│                                                                              │"
"│                                                                              │"
"│                                                                              │"
"│                                                                              │"
"│                                                                              │"
"│                                                                              │"
"│                                                                              │"
"│                                                                              │"
"└──────────────────────────────────────────────────────────────────────────────┘"
"                                                                                "
"Chat · ? · ? · 0/128.0K (0%) · error: api error                                 "
"┌Prompt────────────────────────────────────────────────────────────────────────┐"
"│                                                                              │"
"└──────────────────────────────────────────────────────────────────────────────┘"
